// Jest Snapshot v1, https://goo.gl/fbAQLP

exports[`Rendering page Basic Search page renders without crashing 1`] = `
<div>
  <div
    class="MuiContainer-root MuiContainer-maxWidthLg css-1oqqzyl-MuiContainer-root"
  >
    <div
      class="MuiGrid-root MuiGrid-container MuiGrid-direction-xs-column MuiGrid-wrap-xs-nowrap css-owbufb-MuiGrid-root"
    >
      <div
        class="MuiGrid-root MuiGrid-container MuiGrid-direction-xs-column css-1ebha1k-MuiGrid-root"
      >
        <div
          class="MuiGrid-root MuiGrid-container MuiGrid-direction-xs-column css-6wfz87-MuiGrid-root"
        >
          <svg
            aria-hidden="true"
            class="MuiSvgIcon-root MuiSvgIcon-fontSizeMedium css-i4bv87-MuiSvgIcon-root"
            data-testid="SentimentVeryDissatisfiedIcon"
            focusable="false"
            viewBox="0 0 24 24"
          >
            <circle
              cx="15.5"
              cy="9.5"
              r="1.5"
            />
            <circle
              cx="8.5"
              cy="9.5"
              r="1.5"
            />
            <path
              d="M11.99 2C6.47 2 2 6.48 2 12s4.47 10 9.99 10C17.52 22 22 17.52 22 12S17.52 2 11.99 2zM12 20c-4.42 0-8-3.58-8-8s3.58-8 8-8 8 3.58 8 8-3.58 8-8 8zm0-6c-2.33 0-4.32 1.45-5.12 3.5h1.67c.69-1.19 1.97-2 3.45-2s2.75.81 3.45 2h1.67c-.8-2.05-2.79-3.5-5.12-3.5z"
            />
          </svg>
          <h6
            class="MuiTypography-root MuiTypography-h6 css-2ulfj5-MuiTypography-root"
          >
            Sorry! Nothing found.
          </h6>
        </div>
      </div>
    </div>
  </div>
</div>
`;
