// Jest Snapshot v1, https://goo.gl/fbAQLP

exports[`Rendering page Home page renders without crashing 1`] = `
<div>
  <div
    class="MuiContainer-root MuiContainer-maxWidthMd css-xdmu94-MuiContainer-root"
  >
    <div
      class="MuiBox-root css-1tsi118"
    >
      <div
        class="MuiBox-root css-1evwrxg"
      >
        <img
          alt="Australian Space Database Logo"
          id="homepage-logo"
          src="logo-navbar.svg"
        />
      </div>
      <div
        class="MuiBox-root css-1ofqig9"
      >
        <div
          class="MuiBox-root css-dc7zdy"
        >
          <form
            class="MuiBox-root css-ebedwl"
            novalidate=""
          >
            <div
              class="MuiFormControl-root MuiFormControl-fullWidth MuiTextField-root formfield css-13nukyh-MuiFormControl-root-MuiTextField-root"
            >
              <label
                class="MuiInputLabel-root MuiInputLabel-formControl MuiInputLabel-animated MuiInputLabel-sizeSmall MuiInputLabel-outlined MuiFormLabel-root MuiFormLabel-colorSecondary Mui-required css-bk59fv-MuiFormLabel-root-MuiInputLabel-root"
                data-shrink="false"
                for="search"
                id="search-label"
              >
                Keyword(s)
                <span
                  aria-hidden="true"
                  class="MuiInputLabel-asterisk MuiFormLabel-asterisk css-wgai2y-MuiFormLabel-asterisk"
                >
                   
                  *
                </span>
              </label>
              <div
                class="MuiOutlinedInput-root MuiInputBase-root MuiInputBase-colorSecondary MuiInputBase-fullWidth MuiInputBase-formControl MuiInputBase-sizeSmall css-1j0w0ul-MuiInputBase-root-MuiOutlinedInput-root"
              >
                <input
                  aria-invalid="false"
                  class="MuiOutlinedInput-input MuiInputBase-input MuiInputBase-inputSizeSmall css-1n4twyu-MuiInputBase-input-MuiOutlinedInput-input"
                  id="search"
                  name="searchString"
                  required=""
                  type="text"
                  value=""
                />
                <fieldset
                  aria-hidden="true"
                  class="MuiOutlinedInput-notchedOutline css-1d3z3hw-MuiOutlinedInput-notchedOutline"
                >
                  <legend
                    class="css-1ftyaf0"
                  >
                    <span>
                      Keyword(s)
                       
                      *
                    </span>
                  </legend>
                </fieldset>
              </div>
            </div>
            <button
              class="MuiButton-root MuiButton-contained MuiButton-containedPrimary MuiButton-sizeMedium MuiButton-containedSizeMedium MuiButtonBase-root Mui-disabled  css-axpn69-MuiButtonBase-root-MuiButton-root"
              disabled=""
              tabindex="-1"
              type="submit"
            >
              <svg
                aria-hidden="true"
                class="MuiSvgIcon-root MuiSvgIcon-fontSizeMedium css-i4bv87-MuiSvgIcon-root"
                data-testid="SearchIcon"
                focusable="false"
                viewBox="0 0 24 24"
              >
                <path
                  d="M15.5 14h-.79l-.28-.27C15.41 12.59 16 11.11 16 9.5 16 5.91 13.09 3 9.5 3S3 5.91 3 9.5 5.91 16 9.5 16c1.61 0 3.09-.59 4.23-1.57l.27.28v.79l5 4.99L20.49 19l-4.99-5zm-6 0C7.01 14 5 11.99 5 9.5S7.01 5 9.5 5 14 7.01 14 9.5 11.99 14 9.5 14z"
                />
              </svg>
            </button>
          </form>
        </div>
        <div
          class="MuiGrid-root MuiGrid-container MuiGrid-spacing-xs-2 css-1et7qun-MuiGrid-root"
        >
          <div
            class="MuiGrid-root MuiGrid-item MuiGrid-grid-xs-2 css-1o7apob-MuiGrid-root"
          >
            <a
              class="MuiTypography-root MuiTypography-inherit MuiLink-root MuiLink-underlineAlways css-1vphoe8-MuiTypography-root-MuiLink-root"
              href="/search/advanced?resultType=mission&platform=spaceStation"
            >
              <img
                alt="Australian Space Database Logo"
                class="platform-logo"
                src="[object Object]"
                style="margin-bottom: 0.5rem;"
              />
              <p
                class="MuiTypography-root MuiTypography-body1 css-1llemkr-MuiTypography-root"
              >
                Space
              </p>
              <p
                class="MuiTypography-root MuiTypography-body1 css-1llemkr-MuiTypography-root"
              >
                Station
              </p>
            </a>
          </div>
          <div
            class="MuiGrid-root MuiGrid-item MuiGrid-grid-xs-2 css-1o7apob-MuiGrid-root"
          >
            <a
              class="MuiTypography-root MuiTypography-inherit MuiLink-root MuiLink-underlineAlways css-1vphoe8-MuiTypography-root-MuiLink-root"
              href="/search/advanced?resultType=mission&platform=spaceShuttle"
            >
              <img
                alt="Australian Space Database Logo"
                class="platform-logo"
                src="[object Object]"
                style="margin-bottom: 0.5rem;"
              />
              <p
                class="MuiTypography-root MuiTypography-body1 css-1llemkr-MuiTypography-root"
              >
                Space
              </p>
              <p
                class="MuiTypography-root MuiTypography-body1 css-1llemkr-MuiTypography-root"
              >
                Shuttle
              </p>
            </a>
          </div>
          <div
            class="MuiGrid-root MuiGrid-item MuiGrid-grid-xs-2 css-1o7apob-MuiGrid-root"
          >
            <a
              class="MuiTypography-root MuiTypography-inherit MuiLink-root MuiLink-underlineAlways css-1vphoe8-MuiTypography-root-MuiLink-root"
              href="/search/advanced?resultType=mission&platform=retrievableCapsule"
            >
              <img
                alt="Australian Space Database Logo"
                class="platform-logo"
                src="[object Object]"
                style="margin-bottom: 0.5rem;"
              />
              <p
                class="MuiTypography-root MuiTypography-body1 css-1llemkr-MuiTypography-root"
              >
                Retrievable
              </p>
              <p
                class="MuiTypography-root MuiTypography-body1 css-1llemkr-MuiTypography-root"
              >
                Capsule
              </p>
            </a>
          </div>
          <div
            class="MuiGrid-root MuiGrid-item MuiGrid-grid-xs-2 css-1o7apob-MuiGrid-root"
          >
            <a
              class="MuiTypography-root MuiTypography-inherit MuiLink-root MuiLink-underlineAlways css-1vphoe8-MuiTypography-root-MuiLink-root"
              href="/search/advanced?resultType=mission&platform=soundingRocket"
            >
              <img
                alt="Australian Space Database Logo"
                class="platform-logo"
                src="[object Object]"
                style="margin-bottom: 0.5rem;"
              />
              <p
                class="MuiTypography-root MuiTypography-body1 css-1llemkr-MuiTypography-root"
              >
                Sounding
              </p>
              <p
                class="MuiTypography-root MuiTypography-body1 css-1llemkr-MuiTypography-root"
              >
                Rocket
              </p>
            </a>
          </div>
          <div
            class="MuiGrid-root MuiGrid-item MuiGrid-grid-xs-2 css-1o7apob-MuiGrid-root"
          >
            <a
              class="MuiTypography-root MuiTypography-inherit MuiLink-root MuiLink-underlineAlways css-1vphoe8-MuiTypography-root-MuiLink-root"
              href="/search/advanced?resultType=mission&platform=parabolicFlight"
            >
              <img
                alt="Australian Space Database Logo"
                class="platform-logo"
                src="[object Object]"
                style="margin-bottom: 0.5rem;"
              />
              <p
                class="MuiTypography-root MuiTypography-body1 css-1llemkr-MuiTypography-root"
              >
                Parabolic
              </p>
              <p
                class="MuiTypography-root MuiTypography-body1 css-1llemkr-MuiTypography-root"
              >
                Flight
              </p>
            </a>
          </div>
          <div
            class="MuiGrid-root MuiGrid-item MuiGrid-grid-xs-2 css-1o7apob-MuiGrid-root"
          >
            <a
              class="MuiTypography-root MuiTypography-inherit MuiLink-root MuiLink-underlineAlways css-1vphoe8-MuiTypography-root-MuiLink-root"
              href="/search/advanced?resultType=mission&platform=groundBasedFacility"
            >
              <img
                alt="Australian Space Database Logo"
                class="platform-logo"
                src="[object Object]"
                style="margin-bottom: 0.5rem;"
              />
              <p
                class="MuiTypography-root MuiTypography-body1 css-1llemkr-MuiTypography-root"
              >
                Ground
              </p>
              <p
                class="MuiTypography-root MuiTypography-body1 css-1llemkr-MuiTypography-root"
              >
                Based
              </p>
              <p
                class="MuiTypography-root MuiTypography-body1 css-1llemkr-MuiTypography-root"
              >
                Facility
              </p>
            </a>
          </div>
        </div>
      </div>
    </div>
  </div>
</div>
`;
